{
  "reference": {
    "reference_lower": {
      "step_seconds": 900,
      "adaptive_round": 3,
      "policy": 0,
      "policy_name": "clamp relaxed baseline",
      "hydrogen_lower_mwh": 502.79056572048813,
      "end_inventory": 0.9999999999891102,
      "min_inventory": 9.998982812425025e-08,
      "max_inventory": 1.9999998999998934,
      "maximum_violation": 0.0,
      "inventory_safety_margin_mwh": 1e-07,
      "total_seconds": 1.342091599944979
    },
    "reference_upper": {
      "step_seconds": 900,
      "capacity_mwh": 2.0,
      "supply_mw": 0.1,
      "intervals": 20348,
      "supports_per_interval": 20,
      "method": "highs-ipm",
      "primal_objective": 5.888535297410644,
      "dual_lower_objective": 5.888535295874171,
      "duality_gap": 1.5364731709155421e-09,
      "roundoff_margin_mwh": 1e-06,
      "hydrogen_upper_mwh": 502.81146570412585,
      "iterations": 1,
      "seconds": 67.24638150003739,
      "max_inequality_violation": 8.732120695964518e-08,
      "max_full_stationarity_residual": 6.743339220349753e-11,
      "max_positive_inequality_dual": 1.6825651982799172e-11,
      "evaluated_inequality_dual_cost": 8.74444629381259,
      "box_residual_correction_mwh": -2.8559109979384187,
      "certificate_file": "upper_900s_round3_dual_certificate.npz",
      "adaptive_round": 3,
      "certificate_purpose": "Persist dual multipliers, supports and box bounds for independent reconstruction"
    },
    "gap_mwh": 0.020899983637718833,
    "gap_pct_upper": 0.004156624314135511,
    "coarse_overstatement_lower_mwh": 10.04521212171693,
    "coarse_overstatement_upper_mwh": 10.066112105354648,
    "native_upper_loss_pct_H0": -1.1575652242724974,
    "native_lower_loss_pct_H0": -1.1616737329490687,
    "signed_activation_energy_mwh": -14.285019985354738,
    "throughput_gain_threshold_mwh": 231.16205880080904,
    "implied_native_minimum_throughput_mwh": 326.45108972614156,
    "feasible_native_charge_mwh": 173.49187512754725,
    "feasible_native_discharge_mwh": 153.29742086296946,
    "feasible_native_throughput_mwh": 326.78929599051673,
    "native_energy_identity_residual_mwh": 3.581135388230905e-12
  },
  "decision_intervals": [
    {
      "step_seconds": 60,
      "intervals": 305220,
      "H0_mwh": 508.70000000000005,
      "exact_coarse_mwh": 508.93029035222395,
      "native_lower_mwh": 506.66205177466287,
      "native_lower_source": "guided_witness_60s_capacityfree_guide_policy0.json",
      "native_upper_mwh": 508.60837399349543,
      "native_upper_type": "capacity-free evaluated dual",
      "capacity_free_upper_mwh": 508.60837399349543,
      "native_bracket_mwh": 1.946322218832563,
      "native_gap_pct_upper": 0.38267600738666846,
      "native_exclusion_margin_mwh": 0.09162600650461172,
      "coarse_gain_mwh": 0.23029035222390348,
      "conclusion": "aggregation false positive"
    },
    {
      "step_seconds": 300,
      "intervals": 61044,
      "H0_mwh": 508.70000000000005,
      "exact_coarse_mwh": 510.19972716888907,
      "native_lower_mwh": 504.88375937214926,
      "native_lower_source": "guided_witness_300s_capacityfree_guide_policy0.json",
      "native_upper_mwh": 507.00793683452457,
      "native_upper_type": "capacity-free evaluated dual",
      "capacity_free_upper_mwh": 507.00793683452457,
      "native_bracket_mwh": 2.1241774623753145,
      "native_gap_pct_upper": 0.41896335501915344,
      "native_exclusion_margin_mwh": 1.6920631654754743,
      "coarse_gain_mwh": 1.4997271688890237,
      "conclusion": "aggregation false positive"
    },
    {
      "step_seconds": 900,
      "intervals": 20348,
      "H0_mwh": 508.70000000000005,
      "exact_coarse_mwh": 512.8566778258428,
      "native_lower_mwh": 502.79056572048813,
      "native_lower_source": "refined 900 s witness repeated",
      "native_upper_mwh": 502.81146570412585,
      "native_upper_type": "finite capacity, 20 inverse supports",
      "capacity_free_upper_mwh": 503.3690811589013,
      "native_bracket_mwh": 0.020899983637718833,
      "native_gap_pct_upper": 0.004156624314135511,
      "native_exclusion_margin_mwh": 5.888534295874194,
      "coarse_gain_mwh": 4.156677825842735,
      "conclusion": "aggregation false positive"
    }
  ]
}
